// Jest Snapshot v1, https://goo.gl/fbAQLP

exports[`Menu tests Menu Snapshot 1`] = `
<DocumentFragment>
  <div
    class="row main-container"
  >
    <div
      class="menu"
    >
      <div
        class="MuiDrawer-root MuiDrawer-docked makeStyles-drawer-3"
      >
        <div
          class="MuiPaper-root MuiDrawer-paper makeStyles-drawerPaper-4 MuiDrawer-paperAnchorLeft MuiDrawer-paperAnchorDockedLeft MuiPaper-elevation0"
        >
          <ul
            class="MuiList-root MuiList-padding"
          />
        </div>
      </div>
    </div>
    <main
      class="makeStyles-content-6"
    />
  </div>
</DocumentFragment>
`;
